npx : ts-jest[config] (WARN) 
At line:1 char:1
+ npx jest packages/core/src/config/__tests__/Config.test.ts > test_log ...
+ ~~~~~~~~~~~~~~~~~~~~~~~~~~~~~~~~~~~~~~~~~~~~~~~~~~~~~~~~~~~~~~~~~~~~~
    + CategoryInfo          : NotSpecified: (ts-jest[config] (WARN) :String) [],  
   RemoteException
    + FullyQualifiedErrorId : NativeCommandError
 
    The "ts-jest" config option "isolatedModules" is deprecated and will be 
removed in v30.0.0. Please use "isolatedModules: true" in 
C:/Users/HP/hacks/afriex-sdk/tsconfig.base.json instead, see 
https://www.typescriptlang.org/tsconfig/#isolatedModules
  
FAIL packages/core/src/config/__tests__/Config.test.ts
  Config
    ΓêÜ should initialize with valid config (10 ms)
    ΓêÜ should throw error if apiKey is missing (59 ms)
    ├ù should throw error if apiKey is empty (76 ms)
    ΓêÜ should use default values if not provided (3 ms)
    ΓêÜ should allow overriding default values (6 ms)

  ΓùÅ Config ΓÇ║ should throw error if apiKey is empty

    expect(received).toThrow(expected)

    Expected substring: "API key cannot be empty"
    Received message:   "API key is required and must be a string"

        [0m [90m 53 |[39m     [36mprivate[39m 
validateConfig(config[33m:[39m [33mAfriexConfig[39m)[33m:[39m 
[36mvoid[39m {
         [90m 54 |[39m         [36mif[39m ([33m![39mconfig[33m.[39mapiKey 
[33m||[39m [36mtypeof[39m config[33m.[39mapiKey [33m!==[39m 
[32m'string'[39m) {
        [31m[1m>[22m[39m[90m 55 |[39m             [36mthrow[39m 
[36mnew[39m [33mError[39m([32m'API key is required and must be a 
string'[39m)[33m;[39m
         [90m    |[39m                   [31m[1m^[22m[39m
         [90m 56 |[39m         }
         [90m 57 |[39m
         [90m 58 |[39m         [36mif[39m 
(config[33m.[39mapiKey[33m.[39mtrim()[33m.[39mlength [33m===[39m 
[35m0[39m) {[0m

      at Config.validateConfig (packages/core/src/config/Config.ts:55:19)
      at new Config (packages/core/src/config/Config.ts:33:14)
      at packages/core/src/config/__tests__/Config.test.ts:20:22
      at Object.<anonymous> 
(node_modules/.pnpm/expect@30.2.0/node_modules/expect/build/index.js:1824:9)
      at Object.throwingMatcher [as toThrow] 
(node_modules/.pnpm/expect@30.2.0/node_modules/expect/build/index.js:2235:93)
      at Object.<anonymous> 
(packages/core/src/config/__tests__/Config.test.ts:20:57)
      at Object.<anonymous> 
(packages/core/src/config/__tests__/Config.test.ts:20:57)

Test Suites: 1 failed, 1 total
Tests:       1 failed, 4 passed, 5 total
Snapshots:   0 total
Time:        1.352 s
Ran all test suites matching packages/core/src/config/__tests__/Config.test.ts.
